\set client_min_messages notice
SELECT errcontext_stack_corruption.my_func(true, 'simple');
INFO:  did the thing
INFO:  after return from requested call
 my_func 
---------
 
(1 row)

SELECT errcontext_stack_corruption.my_func(false, 'simple');
WARNING:  not doing it!
INFO:  after return from requested call
 my_func 
---------
 
(1 row)

