CREATE EXTENSION errcontext_stack_corruption;
ERROR:  parameter "schema" cannot be specified when "relocatable" is true
SET client_min_messages = notice;
SELECT my_func(1, 'simple');
ERROR:  function my_func(integer, unknown) does not exist
LINE 1: SELECT my_func(1, 'simple');
               ^
HINT:  No function matches the given name and argument types. You might need to add explicit type casts.
SELECT my_func(0, 'simple');
ERROR:  function my_func(integer, unknown) does not exist
LINE 1: SELECT my_func(0, 'simple');
               ^
HINT:  No function matches the given name and argument types. You might need to add explicit type casts.
SELECT my_func(1, 'errcontext_fixed');
ERROR:  function my_func(integer, unknown) does not exist
LINE 1: SELECT my_func(1, 'errcontext_fixed');
               ^
HINT:  No function matches the given name and argument types. You might need to add explicit type casts.
SELECT my_func(0, 'errcontext_fixed');
ERROR:  function my_func(integer, unknown) does not exist
LINE 1: SELECT my_func(0, 'errcontext_fixed');
               ^
HINT:  No function matches the given name and argument types. You might need to add explicit type casts.
